// Jest Snapshot v1, https://goo.gl/fbAQLP

exports[`Login will have all expected fields 1`] = `
Object {
  "asFragment": [Function],
  "baseElement": <body>
    <div>
      <div>
        <form>
          <div
            class="LoginHeader"
          >
            <h3>
              Employee Polls
            </h3>
          </div>
          <div
            class="LoginTitle"
          >
            <h3>
              Login:
            </h3>
          </div>
          <div
            class="LoginInput"
          >
            <textarea
              class="LoginUserName"
              data-testid="username_login"
              placeholder="UserName"
            />
          </div>
          <div
            class="PasswordInput"
          >
            <textarea
              class="LoginPassword"
              data-testid="Password_login"
              placeholder="Password"
            />
          </div>
          <div
            class="SubmitButton"
          >
            <button
              data-testid="Button_login"
              disabled=""
              type="submit"
            >
              Login
            </button>
          </div>
        </form>
      </div>
    </div>
  </body>,
  "container": <div>
    <div>
      <form>
        <div
          class="LoginHeader"
        >
          <h3>
            Employee Polls
          </h3>
        </div>
        <div
          class="LoginTitle"
        >
          <h3>
            Login:
          </h3>
        </div>
        <div
          class="LoginInput"
        >
          <textarea
            class="LoginUserName"
            data-testid="username_login"
            placeholder="UserName"
          />
        </div>
        <div
          class="PasswordInput"
        >
          <textarea
            class="LoginPassword"
            data-testid="Password_login"
            placeholder="Password"
          />
        </div>
        <div
          class="SubmitButton"
        >
          <button
            data-testid="Button_login"
            disabled=""
            type="submit"
          >
            Login
          </button>
        </div>
      </form>
    </div>
  </div>,
  "debug": [Function],
  "findAllByAltText": [Function],
  "findAllByDisplayValue": [Function],
  "findAllByLabelText": [Function],
  "findAllByPlaceholderText": [Function],
  "findAllByRole": [Function],
  "findAllByTestId": [Function],
  "findAllByText": [Function],
  "findAllByTitle": [Function],
  "findByAltText": [Function],
  "findByDisplayValue": [Function],
  "findByLabelText": [Function],
  "findByPlaceholderText": [Function],
  "findByRole": [Function],
  "findByTestId": [Function],
  "findByText": [Function],
  "findByTitle": [Function],
  "getAllByAltText": [Function],
  "getAllByDisplayValue": [Function],
  "getAllByLabelText": [Function],
  "getAllByPlaceholderText": [Function],
  "getAllByRole": [Function],
  "getAllByTestId": [Function],
  "getAllByText": [Function],
  "getAllByTitle": [Function],
  "getByAltText": [Function],
  "getByDisplayValue": [Function],
  "getByLabelText": [Function],
  "getByPlaceholderText": [Function],
  "getByRole": [Function],
  "getByTestId": [Function],
  "getByText": [Function],
  "getByTitle": [Function],
  "queryAllByAltText": [Function],
  "queryAllByDisplayValue": [Function],
  "queryAllByLabelText": [Function],
  "queryAllByPlaceholderText": [Function],
  "queryAllByRole": [Function],
  "queryAllByTestId": [Function],
  "queryAllByText": [Function],
  "queryAllByTitle": [Function],
  "queryByAltText": [Function],
  "queryByDisplayValue": [Function],
  "queryByLabelText": [Function],
  "queryByPlaceholderText": [Function],
  "queryByRole": [Function],
  "queryByTestId": [Function],
  "queryByText": [Function],
  "queryByTitle": [Function],
  "rerender": [Function],
  "unmount": [Function],
}
`;

exports[`Login will match snapshot 1`] = `
Object {
  "asFragment": [Function],
  "baseElement": <body>
    <div>
      <div>
        <form>
          <div
            class="LoginHeader"
          >
            <h3>
              Employee Polls
            </h3>
          </div>
          <div
            class="LoginTitle"
          >
            <h3>
              Login:
            </h3>
          </div>
          <div
            class="LoginInput"
          >
            <textarea
              class="LoginUserName"
              data-testid="username_login"
              placeholder="UserName"
            />
          </div>
          <div
            class="PasswordInput"
          >
            <textarea
              class="LoginPassword"
              data-testid="Password_login"
              placeholder="Password"
            />
          </div>
          <div
            class="SubmitButton"
          >
            <button
              data-testid="Button_login"
              disabled=""
              type="submit"
            >
              Login
            </button>
          </div>
        </form>
      </div>
    </div>
  </body>,
  "container": <div>
    <div>
      <form>
        <div
          class="LoginHeader"
        >
          <h3>
            Employee Polls
          </h3>
        </div>
        <div
          class="LoginTitle"
        >
          <h3>
            Login:
          </h3>
        </div>
        <div
          class="LoginInput"
        >
          <textarea
            class="LoginUserName"
            data-testid="username_login"
            placeholder="UserName"
          />
        </div>
        <div
          class="PasswordInput"
        >
          <textarea
            class="LoginPassword"
            data-testid="Password_login"
            placeholder="Password"
          />
        </div>
        <div
          class="SubmitButton"
        >
          <button
            data-testid="Button_login"
            disabled=""
            type="submit"
          >
            Login
          </button>
        </div>
      </form>
    </div>
  </div>,
  "debug": [Function],
  "findAllByAltText": [Function],
  "findAllByDisplayValue": [Function],
  "findAllByLabelText": [Function],
  "findAllByPlaceholderText": [Function],
  "findAllByRole": [Function],
  "findAllByTestId": [Function],
  "findAllByText": [Function],
  "findAllByTitle": [Function],
  "findByAltText": [Function],
  "findByDisplayValue": [Function],
  "findByLabelText": [Function],
  "findByPlaceholderText": [Function],
  "findByRole": [Function],
  "findByTestId": [Function],
  "findByText": [Function],
  "findByTitle": [Function],
  "getAllByAltText": [Function],
  "getAllByDisplayValue": [Function],
  "getAllByLabelText": [Function],
  "getAllByPlaceholderText": [Function],
  "getAllByRole": [Function],
  "getAllByTestId": [Function],
  "getAllByText": [Function],
  "getAllByTitle": [Function],
  "getByAltText": [Function],
  "getByDisplayValue": [Function],
  "getByLabelText": [Function],
  "getByPlaceholderText": [Function],
  "getByRole": [Function],
  "getByTestId": [Function],
  "getByText": [Function],
  "getByTitle": [Function],
  "queryAllByAltText": [Function],
  "queryAllByDisplayValue": [Function],
  "queryAllByLabelText": [Function],
  "queryAllByPlaceholderText": [Function],
  "queryAllByRole": [Function],
  "queryAllByTestId": [Function],
  "queryAllByText": [Function],
  "queryAllByTitle": [Function],
  "queryByAltText": [Function],
  "queryByDisplayValue": [Function],
  "queryByLabelText": [Function],
  "queryByPlaceholderText": [Function],
  "queryByRole": [Function],
  "queryByTestId": [Function],
  "queryByText": [Function],
  "queryByTitle": [Function],
  "rerender": [Function],
  "unmount": [Function],
}
`;
